▲ Next.js 16.2.9 (Turbopack)
- Local:         http://localhost:3000
- Network:       http://192.168.2.83:3000
✓ Ready in 715ms
⚠ Warning: Next.js inferred your workspace root, but it may not be correct.
 We detected multiple lockfiles and selected the directory of /Users/trung.ngo/bun.lock as the root directory.
 To silence this warning, set `turbopack.root` in your Next.js config, or consider removing one of the lockfiles if it's not needed.
   See https://nextjs.org/docs/app/api-reference/config/next-config-js/turbopack#root-directory for more information.
 Detected additional lockfiles: 
   * /Users/trung.ngo/Documents/zaob-dev/oh-my-class/pnpm-workspace.yaml

- Experiments (use with caution):
  · serverActions

 GET /runs/4e98d1bd-43e5-4f57-bf34-faed627db32c 200 in 1007ms (next.js: 771ms, application-code: 236ms)
 GET /runs/4e98d1bd-43e5-4f57-bf34-faed627db32c 200 in 120ms (next.js: 17ms, application-code: 103ms)
⚠ Blocked cross-origin request to Next.js dev resource /_next/webpack-hmr from "127.0.0.1".
Cross-origin access to Next.js dev resources is blocked by default for safety.

To allow this host in development, add it to "allowedDevOrigins" in next.config.js and restart the dev server:

// next.config.js
module.exports = {
  allowedDevOrigins: ['127.0.0.1'],
}

Read more: https://nextjs.org/docs/app/api-reference/config/next-config-js/allowedDevOrigins
 GET /runs/4e98d1bd-43e5-4f57-bf34-faed627db32c 200 in 69ms (next.js: 12ms, application-code: 57ms)
 GET /runs/4e98d1bd-43e5-4f57-bf34-faed627db32c 200 in 260ms (next.js: 37ms, application-code: 223ms)
 GET /runs/4e98d1bd-43e5-4f57-bf34-faed627db32c 200 in 185ms (next.js: 37ms, application-code: 148ms)
 GET /runs/4e98d1bd-43e5-4f57-bf34-faed627db32c 200 in 206ms (next.js: 27ms, application-code: 179ms)
 GET /runs/4e98d1bd-43e5-4f57-bf34-faed627db32c 200 in 232ms (next.js: 47ms, application-code: 186ms)
 GET /runs/4e98d1bd-43e5-4f57-bf34-faed627db32c 200 in 253ms (next.js: 30ms, application-code: 223ms)
 GET /runs/4e98d1bd-43e5-4f57-bf34-faed627db32c 200 in 228ms (next.js: 18ms, application-code: 211ms)
[?25h
undefined
/Users/trung.ngo/Documents/zaob-dev/oh-my-class/apps/web:
 ERR_PNPM_RECURSIVE_EXEC_FIRST_FAIL  Command failed with exit code 143: next dev --turbopack -p 3000
